// Jest Snapshot v1, https://goo.gl/fbAQLP

exports[`The Dungeon Tile Builder app should match the snapshot 1`] = `
<Tile
  label="foo"
  value={1}
/>
`;
