// Jest Snapshot v1, https://goo.gl/fbAQLP

exports[`The Tile component should match the snapshot 1`] = `
<div>
  <GridHex />
</div>
`;
